<?xml version="1.0" encoding="UTF-8"?>
<TestRun id="06de49e0-6a49-4df3-8d35-0a70d92996a3" name="fkargarm@RESL117562 2013-09-11 09:01:19" runUser="IAMERS\fkargarm" xmlns="http://microsoft.com/schemas/VisualStudio/TeamTest/2010">
  <TestSettings name="Default Test Settings" id="fd763753-4969-4545-a724-1c8dc47066c5">
    <Deployment runDeploymentRoot="fkargarm_RESL117562 2013-09-11 09_01_19">
      <DeploymentItem filename="C:\IRINGTools\Adapter\packages\Microsoft.AspNet.WebApi.Core.4.0.20710.0\lib\net40\System.Web.Http.dll" />
      <DeploymentItem filename="C:\IRINGTools\Adapter\packages\Microsoft.Net.Http.2.0.20710.0\lib\net40\System.Net.Http.WebRequest.dll" />
      <DeploymentItem filename="C:\IRINGTools\Adapter\packages\Microsoft.AspNet.WebPages.2.0.20710.0\lib\net40\System.Web.WebPages.Deployment.dll" />
      <DeploymentItem filename="C:\IRINGTools\Adapter\packages\Microsoft.Web.Infrastructure.1.0.0.0\lib\net40\Microsoft.Web.Infrastructure.dll" />
      <DeploymentItem filename="C:\IRINGTools\Adapter\packages\Microsoft.AspNet.WebApi.Client.4.0.20710.0\lib\net40\System.Net.Http.Formatting.dll" />
      <DeploymentItem filename="C:\IRINGTools\Adapter\packages\Microsoft.AspNet.WebPages.2.0.20710.0\lib\net40\System.Web.Helpers.dll" />
      <DeploymentItem filename="C:\IRINGTools\Adapter\packages\Microsoft.AspNet.Razor.2.0.20710.0\lib\net40\System.Web.Razor.dll" />
      <DeploymentItem filename="C:\IRINGTools\Adapter\packages\Microsoft.AspNet.WebPages.2.0.20710.0\lib\net40\System.Web.WebPages.dll" />
      <DeploymentItem filename="C:\IRINGTools\Adapter\packages\Microsoft.AspNet.Mvc.4.0.20710.0\lib\net40\System.Web.Mvc.dll" />
      <DeploymentItem filename="C:\IRINGTools\Adapter\packages\Newtonsoft.Json.4.5.6\lib\net40\Newtonsoft.Json.dll" />
      <DeploymentItem filename="C:\IRINGTools\Adapter\packages\Microsoft.AspNet.WebPages.2.0.20710.0\lib\net40\System.Web.WebPages.Razor.dll" />
      <DeploymentItem filename="C:\IRINGTools\Adapter\packages\Microsoft.Net.Http.2.0.20710.0\lib\net40\System.Net.Http.dll" />
      <DeploymentItem filename="C:\IRINGTools\Adapter\packages\Microsoft.AspNet.WebApi.WebHost.4.0.20710.0\lib\net40\System.Web.Http.WebHost.dll" />
      <DeploymentItem filename="C:\IRINGTools\Adapter\iRINGTOOLS.Hypermedia\bin\iRINGTOOLS.Hypermedia.dll" />
    </Deployment>
    <Execution>
      <TestTypeSpecific />
      <AgentRule name="Execution Agents">
      </AgentRule>
    </Execution>
  </TestSettings>
  <Times creation="2013-09-11T09:01:19.4362654-04:00" queuing="2013-09-11T09:01:22.9962654-04:00" start="2013-09-11T09:01:23.1282654-04:00" finish="2013-09-11T09:01:24.6472654-04:00" />
  <ResultSummary outcome="Completed">
    <Counters total="5" executed="5" passed="5" error="0" failed="0" timeout="0" aborted="0" inconclusive="0" passedButRunAborted="0" notRunnable="0" notExecuted="0" disconnected="0" warning="0" completed="0" inProgress="0" pending="0" />
  </ResultSummary>
  <TestDefinitions>
    <UnitTest name="GetById" storage="c:\iringtools\adapter\iringtools.hypermedia.tests\bin\debug\iringtools.hypermedia.tests.dll" id="4f999080-3e85-1077-01b3-bfcd16982096">
      <Execution id="c9e2e06a-2261-4fcc-b052-72f20aad14c1" />
      <TestMethod codeBase="C:/IRINGTools/Adapter/iRINGTOOLS.Hypermedia.Tests/bin/Debug/iRINGTOOLS.Hypermedia.Tests.DLL" adapterTypeName="Microsoft.VisualStudio.TestTools.TestTypes.Unit.UnitTestAdapter, Microsoft.VisualStudio.QualityTools.Tips.UnitTest.Adapter, Version=10.0.0.0, Culture=neutral, PublicKeyToken=b03f5f7f11d50a3a" className="iRINGTOOLS.Hypermedia.Tests.Controllers.ValuesControllerTest, iRINGTOOLS.Hypermedia.Tests, Version=1.0.0.0, Culture=neutral, PublicKeyToken=null" name="GetById" />
    </UnitTest>
    <UnitTest name="Post" storage="c:\iringtools\adapter\iringtools.hypermedia.tests\bin\debug\iringtools.hypermedia.tests.dll" id="29628755-4157-4525-5d9e-ac0d794d7c2b">
      <Execution id="6390052b-d51e-4e7c-9a46-1188cf709070" />
      <TestMethod codeBase="C:/IRINGTools/Adapter/iRINGTOOLS.Hypermedia.Tests/bin/Debug/iRINGTOOLS.Hypermedia.Tests.DLL" adapterTypeName="Microsoft.VisualStudio.TestTools.TestTypes.Unit.UnitTestAdapter, Microsoft.VisualStudio.QualityTools.Tips.UnitTest.Adapter, Version=10.0.0.0, Culture=neutral, PublicKeyToken=b03f5f7f11d50a3a" className="iRINGTOOLS.Hypermedia.Tests.Controllers.ValuesControllerTest, iRINGTOOLS.Hypermedia.Tests, Version=1.0.0.0, Culture=neutral, PublicKeyToken=null" name="Post" />
    </UnitTest>
    <UnitTest name="Delete" storage="c:\iringtools\adapter\iringtools.hypermedia.tests\bin\debug\iringtools.hypermedia.tests.dll" id="bc2ae693-848d-f94c-1d59-07a1f19b6973">
      <Execution id="810a6fee-aeee-4d61-b447-2661b797bf69" />
      <TestMethod codeBase="C:/IRINGTools/Adapter/iRINGTOOLS.Hypermedia.Tests/bin/Debug/iRINGTOOLS.Hypermedia.Tests.DLL" adapterTypeName="Microsoft.VisualStudio.TestTools.TestTypes.Unit.UnitTestAdapter, Microsoft.VisualStudio.QualityTools.Tips.UnitTest.Adapter, Version=10.0.0.0, Culture=neutral, PublicKeyToken=b03f5f7f11d50a3a" className="iRINGTOOLS.Hypermedia.Tests.Controllers.ValuesControllerTest, iRINGTOOLS.Hypermedia.Tests, Version=1.0.0.0, Culture=neutral, PublicKeyToken=null" name="Delete" />
    </UnitTest>
    <UnitTest name="Get" storage="c:\iringtools\adapter\iringtools.hypermedia.tests\bin\debug\iringtools.hypermedia.tests.dll" id="f278e3cf-cde6-aafb-910b-44e4a43eaad1">
      <Execution id="802ef806-a642-4761-ae4b-96d57a180fa5" />
      <TestMethod codeBase="C:/IRINGTools/Adapter/iRINGTOOLS.Hypermedia.Tests/bin/Debug/iRINGTOOLS.Hypermedia.Tests.DLL" adapterTypeName="Microsoft.VisualStudio.TestTools.TestTypes.Unit.UnitTestAdapter, Microsoft.VisualStudio.QualityTools.Tips.UnitTest.Adapter, Version=10.0.0.0, Culture=neutral, PublicKeyToken=b03f5f7f11d50a3a" className="iRINGTOOLS.Hypermedia.Tests.Controllers.ValuesControllerTest, iRINGTOOLS.Hypermedia.Tests, Version=1.0.0.0, Culture=neutral, PublicKeyToken=null" name="Get" />
    </UnitTest>
    <UnitTest name="Put" storage="c:\iringtools\adapter\iringtools.hypermedia.tests\bin\debug\iringtools.hypermedia.tests.dll" id="98a6026c-4e90-8e80-dc74-d8bfb5fceed9">
      <Execution id="17d3020f-d7d2-446e-b7eb-5f77bd591976" />
      <TestMethod codeBase="C:/IRINGTools/Adapter/iRINGTOOLS.Hypermedia.Tests/bin/Debug/iRINGTOOLS.Hypermedia.Tests.DLL" adapterTypeName="Microsoft.VisualStudio.TestTools.TestTypes.Unit.UnitTestAdapter, Microsoft.VisualStudio.QualityTools.Tips.UnitTest.Adapter, Version=10.0.0.0, Culture=neutral, PublicKeyToken=b03f5f7f11d50a3a" className="iRINGTOOLS.Hypermedia.Tests.Controllers.ValuesControllerTest, iRINGTOOLS.Hypermedia.Tests, Version=1.0.0.0, Culture=neutral, PublicKeyToken=null" name="Put" />
    </UnitTest>
  </TestDefinitions>
  <TestLists>
    <TestList name="Results Not in a List" id="8c84fa94-04c1-424b-9868-57a2d4851a1d" />
    <TestList name="All Loaded Results" id="19431567-8539-422a-85d7-44ee4e166bda" />
  </TestLists>
  <TestEntries>
    <TestEntry testId="f278e3cf-cde6-aafb-910b-44e4a43eaad1" executionId="802ef806-a642-4761-ae4b-96d57a180fa5" testListId="8c84fa94-04c1-424b-9868-57a2d4851a1d" />
    <TestEntry testId="4f999080-3e85-1077-01b3-bfcd16982096" executionId="c9e2e06a-2261-4fcc-b052-72f20aad14c1" testListId="8c84fa94-04c1-424b-9868-57a2d4851a1d" />
    <TestEntry testId="29628755-4157-4525-5d9e-ac0d794d7c2b" executionId="6390052b-d51e-4e7c-9a46-1188cf709070" testListId="8c84fa94-04c1-424b-9868-57a2d4851a1d" />
    <TestEntry testId="98a6026c-4e90-8e80-dc74-d8bfb5fceed9" executionId="17d3020f-d7d2-446e-b7eb-5f77bd591976" testListId="8c84fa94-04c1-424b-9868-57a2d4851a1d" />
    <TestEntry testId="bc2ae693-848d-f94c-1d59-07a1f19b6973" executionId="810a6fee-aeee-4d61-b447-2661b797bf69" testListId="8c84fa94-04c1-424b-9868-57a2d4851a1d" />
  </TestEntries>
  <Results>
    <UnitTestResult executionId="802ef806-a642-4761-ae4b-96d57a180fa5" testId="f278e3cf-cde6-aafb-910b-44e4a43eaad1" testName="Get" computerName="RESL117562" duration="00:00:00.1149547" startTime="2013-09-11T09:01:23.1782654-04:00" endTime="2013-09-11T09:01:24.5592654-04:00" testType="13cdc9d9-ddb5-4fa4-a97d-d965ccfc6d4b" outcome="Passed" testListId="8c84fa94-04c1-424b-9868-57a2d4851a1d" relativeResultsDirectory="802ef806-a642-4761-ae4b-96d57a180fa5">
    </UnitTestResult>
    <UnitTestResult executionId="c9e2e06a-2261-4fcc-b052-72f20aad14c1" testId="4f999080-3e85-1077-01b3-bfcd16982096" testName="GetById" computerName="RESL117562" duration="00:00:00.0003043" startTime="2013-09-11T09:01:24.5642654-04:00" endTime="2013-09-11T09:01:24.5712654-04:00" testType="13cdc9d9-ddb5-4fa4-a97d-d965ccfc6d4b" outcome="Passed" testListId="8c84fa94-04c1-424b-9868-57a2d4851a1d" relativeResultsDirectory="c9e2e06a-2261-4fcc-b052-72f20aad14c1">
    </UnitTestResult>
    <UnitTestResult executionId="6390052b-d51e-4e7c-9a46-1188cf709070" testId="29628755-4157-4525-5d9e-ac0d794d7c2b" testName="Post" computerName="RESL117562" duration="00:00:00.0002486" startTime="2013-09-11T09:01:24.5752654-04:00" endTime="2013-09-11T09:01:24.5802654-04:00" testType="13cdc9d9-ddb5-4fa4-a97d-d965ccfc6d4b" outcome="Passed" testListId="8c84fa94-04c1-424b-9868-57a2d4851a1d" relativeResultsDirectory="6390052b-d51e-4e7c-9a46-1188cf709070">
    </UnitTestResult>
    <UnitTestResult executionId="17d3020f-d7d2-446e-b7eb-5f77bd591976" testId="98a6026c-4e90-8e80-dc74-d8bfb5fceed9" testName="Put" computerName="RESL117562" duration="00:00:00.0002467" startTime="2013-09-11T09:01:24.5842654-04:00" endTime="2013-09-11T09:01:24.5902654-04:00" testType="13cdc9d9-ddb5-4fa4-a97d-d965ccfc6d4b" outcome="Passed" testListId="8c84fa94-04c1-424b-9868-57a2d4851a1d" relativeResultsDirectory="17d3020f-d7d2-446e-b7eb-5f77bd591976">
    </UnitTestResult>
    <UnitTestResult executionId="810a6fee-aeee-4d61-b447-2661b797bf69" testId="bc2ae693-848d-f94c-1d59-07a1f19b6973" testName="Delete" computerName="RESL117562" duration="00:00:00.0002427" startTime="2013-09-11T09:01:24.5952654-04:00" endTime="2013-09-11T09:01:24.6032654-04:00" testType="13cdc9d9-ddb5-4fa4-a97d-d965ccfc6d4b" outcome="Passed" testListId="8c84fa94-04c1-424b-9868-57a2d4851a1d" relativeResultsDirectory="810a6fee-aeee-4d61-b447-2661b797bf69">
    </UnitTestResult>
  </Results>
</TestRun>