<?xml version="1.0" encoding="UTF-8"?>
<TestRun id="a79998c8-9873-48e6-8676-c8d7bd8319f1" name="fkargarm@RESL117562 2013-09-11 08:59:30" runUser="IAMERS\fkargarm" xmlns="http://microsoft.com/schemas/VisualStudio/TeamTest/2010">
  <TestSettings name="Default Test Settings" id="4ec803cb-abb4-4a0f-a935-a3f6d561fb19">
    <Deployment runDeploymentRoot="fkargarm_RESL117562 2013-09-11 08_59_30">
      <DeploymentItem filename="C:\IRINGTools\Adapter\packages\Microsoft.AspNet.WebApi.Core.4.0.20710.0\lib\net40\System.Web.Http.dll" />
      <DeploymentItem filename="C:\IRINGTools\Adapter\packages\Microsoft.Net.Http.2.0.20710.0\lib\net40\System.Net.Http.WebRequest.dll" />
      <DeploymentItem filename="C:\IRINGTools\Adapter\packages\Microsoft.AspNet.WebPages.2.0.20710.0\lib\net40\System.Web.WebPages.Deployment.dll" />
      <DeploymentItem filename="C:\IRINGTools\Adapter\packages\Microsoft.Web.Infrastructure.1.0.0.0\lib\net40\Microsoft.Web.Infrastructure.dll" />
      <DeploymentItem filename="C:\IRINGTools\Adapter\packages\Microsoft.AspNet.WebApi.Client.4.0.20710.0\lib\net40\System.Net.Http.Formatting.dll" />
      <DeploymentItem filename="C:\IRINGTools\Adapter\packages\Microsoft.AspNet.WebPages.2.0.20710.0\lib\net40\System.Web.Helpers.dll" />
      <DeploymentItem filename="C:\IRINGTools\Adapter\packages\Microsoft.AspNet.Razor.2.0.20710.0\lib\net40\System.Web.Razor.dll" />
      <DeploymentItem filename="C:\IRINGTools\Adapter\packages\Microsoft.AspNet.WebPages.2.0.20710.0\lib\net40\System.Web.WebPages.dll" />
      <DeploymentItem filename="C:\IRINGTools\Adapter\packages\Microsoft.AspNet.Mvc.4.0.20710.0\lib\net40\System.Web.Mvc.dll" />
      <DeploymentItem filename="C:\IRINGTools\Adapter\packages\Newtonsoft.Json.4.5.6\lib\net40\Newtonsoft.Json.dll" />
      <DeploymentItem filename="C:\IRINGTools\Adapter\packages\Microsoft.AspNet.WebPages.2.0.20710.0\lib\net40\System.Web.WebPages.Razor.dll" />
      <DeploymentItem filename="C:\IRINGTools\Adapter\packages\Microsoft.Net.Http.2.0.20710.0\lib\net40\System.Net.Http.dll" />
      <DeploymentItem filename="C:\IRINGTools\Adapter\packages\Microsoft.AspNet.WebApi.WebHost.4.0.20710.0\lib\net40\System.Web.Http.WebHost.dll" />
      <DeploymentItem filename="C:\IRINGTools\Adapter\iRINGTOOLS.Hypermedia\bin\iRINGTOOLS.Hypermedia.dll" />
    </Deployment>
    <Execution>
      <TestTypeSpecific />
      <AgentRule name="Execution Agents">
      </AgentRule>
    </Execution>
  </TestSettings>
  <Times creation="2013-09-11T08:59:30.4912654-04:00" queuing="2013-09-11T08:59:36.7402654-04:00" start="2013-09-11T08:59:36.9582654-04:00" finish="2013-09-11T08:59:38.8432654-04:00" />
  <ResultSummary outcome="Completed">
    <Counters total="5" executed="5" passed="5" error="0" failed="0" timeout="0" aborted="0" inconclusive="0" passedButRunAborted="0" notRunnable="0" notExecuted="0" disconnected="0" warning="0" completed="0" inProgress="0" pending="0" />
  </ResultSummary>
  <TestDefinitions>
    <UnitTest name="GetById" storage="c:\iringtools\adapter\iringtools.hypermedia.tests\bin\debug\iringtools.hypermedia.tests.dll" id="4f999080-3e85-1077-01b3-bfcd16982096">
      <Execution id="49fe13b7-5adc-448e-a88b-0d1b17cca012" />
      <TestMethod codeBase="C:/IRINGTools/Adapter/iRINGTOOLS.Hypermedia.Tests/bin/Debug/iRINGTOOLS.Hypermedia.Tests.DLL" adapterTypeName="Microsoft.VisualStudio.TestTools.TestTypes.Unit.UnitTestAdapter, Microsoft.VisualStudio.QualityTools.Tips.UnitTest.Adapter, Version=10.0.0.0, Culture=neutral, PublicKeyToken=b03f5f7f11d50a3a" className="iRINGTOOLS.Hypermedia.Tests.Controllers.ValuesControllerTest, iRINGTOOLS.Hypermedia.Tests, Version=1.0.0.0, Culture=neutral, PublicKeyToken=null" name="GetById" />
    </UnitTest>
    <UnitTest name="Post" storage="c:\iringtools\adapter\iringtools.hypermedia.tests\bin\debug\iringtools.hypermedia.tests.dll" id="29628755-4157-4525-5d9e-ac0d794d7c2b">
      <Execution id="fcb1640b-9b4b-44be-9db4-41fed652f582" />
      <TestMethod codeBase="C:/IRINGTools/Adapter/iRINGTOOLS.Hypermedia.Tests/bin/Debug/iRINGTOOLS.Hypermedia.Tests.DLL" adapterTypeName="Microsoft.VisualStudio.TestTools.TestTypes.Unit.UnitTestAdapter, Microsoft.VisualStudio.QualityTools.Tips.UnitTest.Adapter, Version=10.0.0.0, Culture=neutral, PublicKeyToken=b03f5f7f11d50a3a" className="iRINGTOOLS.Hypermedia.Tests.Controllers.ValuesControllerTest, iRINGTOOLS.Hypermedia.Tests, Version=1.0.0.0, Culture=neutral, PublicKeyToken=null" name="Post" />
    </UnitTest>
    <UnitTest name="Delete" storage="c:\iringtools\adapter\iringtools.hypermedia.tests\bin\debug\iringtools.hypermedia.tests.dll" id="bc2ae693-848d-f94c-1d59-07a1f19b6973">
      <Execution id="7f150c48-a32c-4ac6-9070-b594a2e94efe" />
      <TestMethod codeBase="C:/IRINGTools/Adapter/iRINGTOOLS.Hypermedia.Tests/bin/Debug/iRINGTOOLS.Hypermedia.Tests.DLL" adapterTypeName="Microsoft.VisualStudio.TestTools.TestTypes.Unit.UnitTestAdapter, Microsoft.VisualStudio.QualityTools.Tips.UnitTest.Adapter, Version=10.0.0.0, Culture=neutral, PublicKeyToken=b03f5f7f11d50a3a" className="iRINGTOOLS.Hypermedia.Tests.Controllers.ValuesControllerTest, iRINGTOOLS.Hypermedia.Tests, Version=1.0.0.0, Culture=neutral, PublicKeyToken=null" name="Delete" />
    </UnitTest>
    <UnitTest name="Get" storage="c:\iringtools\adapter\iringtools.hypermedia.tests\bin\debug\iringtools.hypermedia.tests.dll" id="f278e3cf-cde6-aafb-910b-44e4a43eaad1">
      <Execution id="791ffa0c-832a-40bf-bb61-69f4fa6fcaa7" />
      <TestMethod codeBase="C:/IRINGTools/Adapter/iRINGTOOLS.Hypermedia.Tests/bin/Debug/iRINGTOOLS.Hypermedia.Tests.DLL" adapterTypeName="Microsoft.VisualStudio.TestTools.TestTypes.Unit.UnitTestAdapter, Microsoft.VisualStudio.QualityTools.Tips.UnitTest.Adapter, Version=10.0.0.0, Culture=neutral, PublicKeyToken=b03f5f7f11d50a3a" className="iRINGTOOLS.Hypermedia.Tests.Controllers.ValuesControllerTest, iRINGTOOLS.Hypermedia.Tests, Version=1.0.0.0, Culture=neutral, PublicKeyToken=null" name="Get" />
    </UnitTest>
    <UnitTest name="Put" storage="c:\iringtools\adapter\iringtools.hypermedia.tests\bin\debug\iringtools.hypermedia.tests.dll" id="98a6026c-4e90-8e80-dc74-d8bfb5fceed9">
      <Execution id="99c514d2-167e-49bf-90b8-c9da5b855f84" />
      <TestMethod codeBase="C:/IRINGTools/Adapter/iRINGTOOLS.Hypermedia.Tests/bin/Debug/iRINGTOOLS.Hypermedia.Tests.DLL" adapterTypeName="Microsoft.VisualStudio.TestTools.TestTypes.Unit.UnitTestAdapter, Microsoft.VisualStudio.QualityTools.Tips.UnitTest.Adapter, Version=10.0.0.0, Culture=neutral, PublicKeyToken=b03f5f7f11d50a3a" className="iRINGTOOLS.Hypermedia.Tests.Controllers.ValuesControllerTest, iRINGTOOLS.Hypermedia.Tests, Version=1.0.0.0, Culture=neutral, PublicKeyToken=null" name="Put" />
    </UnitTest>
  </TestDefinitions>
  <TestLists>
    <TestList name="Results Not in a List" id="8c84fa94-04c1-424b-9868-57a2d4851a1d" />
    <TestList name="All Loaded Results" id="19431567-8539-422a-85d7-44ee4e166bda" />
  </TestLists>
  <TestEntries>
    <TestEntry testId="f278e3cf-cde6-aafb-910b-44e4a43eaad1" executionId="791ffa0c-832a-40bf-bb61-69f4fa6fcaa7" testListId="8c84fa94-04c1-424b-9868-57a2d4851a1d" />
    <TestEntry testId="4f999080-3e85-1077-01b3-bfcd16982096" executionId="49fe13b7-5adc-448e-a88b-0d1b17cca012" testListId="8c84fa94-04c1-424b-9868-57a2d4851a1d" />
    <TestEntry testId="29628755-4157-4525-5d9e-ac0d794d7c2b" executionId="fcb1640b-9b4b-44be-9db4-41fed652f582" testListId="8c84fa94-04c1-424b-9868-57a2d4851a1d" />
    <TestEntry testId="98a6026c-4e90-8e80-dc74-d8bfb5fceed9" executionId="99c514d2-167e-49bf-90b8-c9da5b855f84" testListId="8c84fa94-04c1-424b-9868-57a2d4851a1d" />
    <TestEntry testId="bc2ae693-848d-f94c-1d59-07a1f19b6973" executionId="7f150c48-a32c-4ac6-9070-b594a2e94efe" testListId="8c84fa94-04c1-424b-9868-57a2d4851a1d" />
  </TestEntries>
  <Results>
    <UnitTestResult executionId="791ffa0c-832a-40bf-bb61-69f4fa6fcaa7" testId="f278e3cf-cde6-aafb-910b-44e4a43eaad1" testName="Get" computerName="RESL117562" duration="00:00:00.1826459" startTime="2013-09-11T08:59:37.0682654-04:00" endTime="2013-09-11T08:59:38.6652654-04:00" testType="13cdc9d9-ddb5-4fa4-a97d-d965ccfc6d4b" outcome="Passed" testListId="8c84fa94-04c1-424b-9868-57a2d4851a1d" relativeResultsDirectory="791ffa0c-832a-40bf-bb61-69f4fa6fcaa7">
    </UnitTestResult>
    <UnitTestResult executionId="49fe13b7-5adc-448e-a88b-0d1b17cca012" testId="4f999080-3e85-1077-01b3-bfcd16982096" testName="GetById" computerName="RESL117562" duration="00:00:00.0003047" startTime="2013-09-11T08:59:38.7052654-04:00" endTime="2013-09-11T08:59:38.7132654-04:00" testType="13cdc9d9-ddb5-4fa4-a97d-d965ccfc6d4b" outcome="Passed" testListId="8c84fa94-04c1-424b-9868-57a2d4851a1d" relativeResultsDirectory="49fe13b7-5adc-448e-a88b-0d1b17cca012">
    </UnitTestResult>
    <UnitTestResult executionId="fcb1640b-9b4b-44be-9db4-41fed652f582" testId="29628755-4157-4525-5d9e-ac0d794d7c2b" testName="Post" computerName="RESL117562" duration="00:00:00.0002328" startTime="2013-09-11T08:59:38.7222654-04:00" endTime="2013-09-11T08:59:38.7282654-04:00" testType="13cdc9d9-ddb5-4fa4-a97d-d965ccfc6d4b" outcome="Passed" testListId="8c84fa94-04c1-424b-9868-57a2d4851a1d" relativeResultsDirectory="fcb1640b-9b4b-44be-9db4-41fed652f582">
    </UnitTestResult>
    <UnitTestResult executionId="99c514d2-167e-49bf-90b8-c9da5b855f84" testId="98a6026c-4e90-8e80-dc74-d8bfb5fceed9" testName="Put" computerName="RESL117562" duration="00:00:00.0002502" startTime="2013-09-11T08:59:38.7372654-04:00" endTime="2013-09-11T08:59:38.7422654-04:00" testType="13cdc9d9-ddb5-4fa4-a97d-d965ccfc6d4b" outcome="Passed" testListId="8c84fa94-04c1-424b-9868-57a2d4851a1d" relativeResultsDirectory="99c514d2-167e-49bf-90b8-c9da5b855f84">
    </UnitTestResult>
    <UnitTestResult executionId="7f150c48-a32c-4ac6-9070-b594a2e94efe" testId="bc2ae693-848d-f94c-1d59-07a1f19b6973" testName="Delete" computerName="RESL117562" duration="00:00:00.0002360" startTime="2013-09-11T08:59:38.7502654-04:00" endTime="2013-09-11T08:59:38.7562654-04:00" testType="13cdc9d9-ddb5-4fa4-a97d-d965ccfc6d4b" outcome="Passed" testListId="8c84fa94-04c1-424b-9868-57a2d4851a1d" relativeResultsDirectory="7f150c48-a32c-4ac6-9070-b594a2e94efe">
    </UnitTestResult>
  </Results>
</TestRun>