<?xml version="1.0" encoding="UTF-8"?>
<TestRun id="d7ddc648-6e4e-485e-8987-64541a7764d9" name="VANR6572@AUS10481 2011-05-26 14:39:23" runUser="HATCHGLOBAL\VANR6572" xmlns="http://microsoft.com/schemas/VisualStudio/TeamTest/2010">
  <TestSettings name="Local" id="db2218b0-d6c1-4a95-a540-fcde77fa22f8">
    <Description>These are default test settings for a local test run.</Description>
    <Deployment enabled="false" runDeploymentRoot="VANR6572_AUS10481 2011-05-26 14_39_23">
      <DeploymentItem filename="C:\Users\vanr6572\Projects\iRINGTools TDD\iRINGTools.MVC\iRINGTools.Services\bin\Debug\iRINGTools.Services.dll" />
      <DeploymentItem filename="C:\Users\vanr6572\Projects\iRINGTools TDD\iRINGTools.MVC\iRINGTools.Data\bin\Debug\iRINGTools.Data.dll" />
      <DeploymentItem filename="C:\Users\vanr6572\Projects\iRINGTools TDD\iRINGTools.MVC\packages\Ninject.2.2.1.4\lib\net40-Full\Ninject.dll" />
      <DeploymentItem filename="C:\Users\vanr6572\Projects\iRINGTools TDD\iRINGTools.MVC\iRINGTools.Web\bin\iRINGTools.Web.dll" />
    </Deployment>
    <Execution>
      <TestTypeSpecific />
      <AgentRule name="Execution Agents">
      </AgentRule>
    </Execution>
  </TestSettings>
  <Times creation="2011-05-26T14:39:23.9187365+10:00" queuing="2011-05-26T14:39:24.4477894+10:00" start="2011-05-26T14:39:24.4937940+10:00" finish="2011-05-26T14:39:26.4699916+10:00" />
  <ResultSummary outcome="Completed">
    <Counters total="14" executed="14" passed="14" error="0" failed="0" timeout="0" aborted="0" inconclusive="0" passedButRunAborted="0" notRunnable="0" notExecuted="0" disconnected="0" warning="0" completed="0" inProgress="0" pending="0" />
  </ResultSummary>
  <TestDefinitions>
    <UnitTest name="AdapterService_Has_25_Applications_From_Service" storage="c:\users\vanr6572\projects\iringtools tdd\iringtools.mvc\iringtools.tests\bin\debug\iringtools.tests.dll" id="04849548-ec1d-1029-f21a-76e5300f7754">
      <Execution id="6afbd8f6-6b79-4cd4-8ae1-9705c66dee85" />
      <TestMethod codeBase="C:/Users/vanr6572/Projects/iRINGTools TDD/iRINGTools.MVC/iRINGTools.Tests/bin/Debug/iRINGTools.Tests.DLL" adapterTypeName="Microsoft.VisualStudio.TestTools.TestTypes.Unit.UnitTestAdapter, Microsoft.VisualStudio.QualityTools.Tips.UnitTest.Adapter, Version=10.0.0.0, Culture=neutral, PublicKeyToken=b03f5f7f11d50a3a" className="iRINGTools.Tests.GeneralTests, iRINGTools.Tests, Version=1.0.0.0, Culture=neutral, PublicKeyToken=null" name="AdapterService_Has_25_Applications_From_Service" />
    </UnitTest>
    <UnitTest name="Application_ShouldHave_Name_Description_Fields" storage="c:\users\vanr6572\projects\iringtools tdd\iringtools.mvc\iringtools.tests\bin\debug\iringtools.tests.dll" id="a94076f1-aed3-07d7-bef6-2077b63bd438">
      <Execution id="80308ecd-adad-45d0-96e1-dd9fcae9a725" />
      <TestMethod codeBase="C:/Users/vanr6572/Projects/iRINGTools TDD/iRINGTools.MVC/iRINGTools.Tests/bin/Debug/iRINGTools.Tests.DLL" adapterTypeName="Microsoft.VisualStudio.TestTools.TestTypes.Unit.UnitTestAdapter, Microsoft.VisualStudio.QualityTools.Tips.UnitTest.Adapter, Version=10.0.0.0, Culture=neutral, PublicKeyToken=b03f5f7f11d50a3a" className="iRINGTools.Tests.GeneralTests, iRINGTools.Tests, Version=1.0.0.0, Culture=neutral, PublicKeyToken=null" name="Application_ShouldHave_Name_Description_Fields" />
    </UnitTest>
    <UnitTest name="AdapterService_XMLApplicationRepository_Save_To_New_File_Then_Read_Existing_File" storage="c:\users\vanr6572\projects\iringtools tdd\iringtools.mvc\iringtools.intergrationtests\bin\debug\iringtools.intergrationtests.dll" id="b81660b6-dde7-b530-dd80-db5c21ca7ac5">
      <Execution id="c582b26e-17b8-46bd-918a-833de9ce2f08" />
      <TestMethod codeBase="C:/Users/vanr6572/Projects/iRINGTools TDD/iRINGTools.MVC/iRINGTools.IntergrationTests/bin/Debug/iRINGTools.IntergrationTests.DLL" adapterTypeName="Microsoft.VisualStudio.TestTools.TestTypes.Unit.UnitTestAdapter, Microsoft.VisualStudio.QualityTools.Tips.UnitTest.Adapter, Version=10.0.0.0, Culture=neutral, PublicKeyToken=b03f5f7f11d50a3a" className="iRINGTools.IntergrationTests.IntergrationTests, iRINGTools.IntergrationTests, Version=1.0.0.0, Culture=neutral, PublicKeyToken=null" name="AdapterService_XMLApplicationRepository_Save_To_New_File_Then_Read_Existing_File" />
    </UnitTest>
    <UnitTest name="AdapterService_Can_Get_Scopes_From_Service" storage="c:\users\vanr6572\projects\iringtools tdd\iringtools.mvc\iringtools.tests\bin\debug\iringtools.tests.dll" id="1e8d0d9e-014f-181f-6089-ad7cd9257811">
      <Execution id="4ff6123f-83fb-44d6-bc0d-480efd9402ea" />
      <TestMethod codeBase="C:/Users/vanr6572/Projects/iRINGTools TDD/iRINGTools.MVC/iRINGTools.Tests/bin/Debug/iRINGTools.Tests.DLL" adapterTypeName="Microsoft.VisualStudio.TestTools.TestTypes.Unit.UnitTestAdapter, Microsoft.VisualStudio.QualityTools.Tips.UnitTest.Adapter, Version=10.0.0.0, Culture=neutral, PublicKeyToken=b03f5f7f11d50a3a" className="iRINGTools.Tests.GeneralTests, iRINGTools.Tests, Version=1.0.0.0, Culture=neutral, PublicKeyToken=null" name="AdapterService_Can_Get_Scopes_From_Service" />
    </UnitTest>
    <UnitTest name="DataService_ToXML" storage="c:\users\vanr6572\projects\iringtools tdd\iringtools.mvc\iringtools.tests\bin\debug\iringtools.tests.dll" id="c9c2fff7-c1dd-2998-4883-fecb764c0f94">
      <Execution id="f8ec6497-5d6e-4f1b-b71b-f10f64827ca6" />
      <TestMethod codeBase="C:/Users/vanr6572/Projects/iRINGTools TDD/iRINGTools.MVC/iRINGTools.Tests/bin/Debug/iRINGTools.Tests.DLL" adapterTypeName="Microsoft.VisualStudio.TestTools.TestTypes.Unit.UnitTestAdapter, Microsoft.VisualStudio.QualityTools.Tips.UnitTest.Adapter, Version=10.0.0.0, Culture=neutral, PublicKeyToken=b03f5f7f11d50a3a" className="iRINGTools.Tests.NinjectTests, iRINGTools.Tests, Version=1.0.0.0, Culture=neutral, PublicKeyToken=null" name="DataService_ToXML" />
    </UnitTest>
    <UnitTest name="ApplicationRepository_Repository_Scopes_IsNotNull" storage="c:\users\vanr6572\projects\iringtools tdd\iringtools.mvc\iringtools.tests\bin\debug\iringtools.tests.dll" id="5e9abb45-1b2b-c693-50ec-d3aef9716f0b">
      <Execution id="e7b91813-9810-4370-982a-51c07e8e9ef6" />
      <TestMethod codeBase="C:/Users/vanr6572/Projects/iRINGTools TDD/iRINGTools.MVC/iRINGTools.Tests/bin/Debug/iRINGTools.Tests.DLL" adapterTypeName="Microsoft.VisualStudio.TestTools.TestTypes.Unit.UnitTestAdapter, Microsoft.VisualStudio.QualityTools.Tips.UnitTest.Adapter, Version=10.0.0.0, Culture=neutral, PublicKeyToken=b03f5f7f11d50a3a" className="iRINGTools.Tests.GeneralTests, iRINGTools.Tests, Version=1.0.0.0, Culture=neutral, PublicKeyToken=null" name="ApplicationRepository_Repository_Scopes_IsNotNull" />
    </UnitTest>
    <UnitTest name="DataLayerRepository_Has_5_DataLayerTypes_From_Service" storage="c:\users\vanr6572\projects\iringtools tdd\iringtools.mvc\iringtools.tests\bin\debug\iringtools.tests.dll" id="df908f13-fe48-07ef-5404-de2dfa1a42b9">
      <Execution id="a738df76-3f26-47c8-b23f-f603bf98c37a" />
      <TestMethod codeBase="C:/Users/vanr6572/Projects/iRINGTools TDD/iRINGTools.MVC/iRINGTools.Tests/bin/Debug/iRINGTools.Tests.DLL" adapterTypeName="Microsoft.VisualStudio.TestTools.TestTypes.Unit.UnitTestAdapter, Microsoft.VisualStudio.QualityTools.Tips.UnitTest.Adapter, Version=10.0.0.0, Culture=neutral, PublicKeyToken=b03f5f7f11d50a3a" className="iRINGTools.Tests.GeneralTests, iRINGTools.Tests, Version=1.0.0.0, Culture=neutral, PublicKeyToken=null" name="DataLayerRepository_Has_5_DataLayerTypes_From_Service" />
    </UnitTest>
    <UnitTest name="AdapterService_GetApplication" storage="c:\users\vanr6572\projects\iringtools tdd\iringtools.mvc\iringtools.tests\bin\debug\iringtools.tests.dll" id="c9ba8cfd-3813-ea7c-0965-8c45d412203b">
      <Execution id="bfc0ae7f-7cf6-4e8f-8adc-9fa508058235" />
      <TestMethod codeBase="C:/Users/vanr6572/Projects/iRINGTools TDD/iRINGTools.MVC/iRINGTools.Tests/bin/Debug/iRINGTools.Tests.DLL" adapterTypeName="Microsoft.VisualStudio.TestTools.TestTypes.Unit.UnitTestAdapter, Microsoft.VisualStudio.QualityTools.Tips.UnitTest.Adapter, Version=10.0.0.0, Culture=neutral, PublicKeyToken=b03f5f7f11d50a3a" className="iRINGTools.Tests.NinjectTests, iRINGTools.Tests, Version=1.0.0.0, Culture=neutral, PublicKeyToken=null" name="AdapterService_GetApplication" />
    </UnitTest>
    <UnitTest name="Scope_ShouldHave_Name_Description_Fields" storage="c:\users\vanr6572\projects\iringtools tdd\iringtools.mvc\iringtools.tests\bin\debug\iringtools.tests.dll" id="9a3921c6-62a2-7333-d816-3168c7d34ea5">
      <Execution id="42ec23a9-b9ea-44f5-9585-40240482e238" />
      <TestMethod codeBase="C:/Users/vanr6572/Projects/iRINGTools TDD/iRINGTools.MVC/iRINGTools.Tests/bin/Debug/iRINGTools.Tests.DLL" adapterTypeName="Microsoft.VisualStudio.TestTools.TestTypes.Unit.UnitTestAdapter, Microsoft.VisualStudio.QualityTools.Tips.UnitTest.Adapter, Version=10.0.0.0, Culture=neutral, PublicKeyToken=b03f5f7f11d50a3a" className="iRINGTools.Tests.GeneralTests, iRINGTools.Tests, Version=1.0.0.0, Culture=neutral, PublicKeyToken=null" name="Scope_ShouldHave_Name_Description_Fields" />
    </UnitTest>
    <UnitTest name="AdapterService_Has_5_Scopes_From_Service" storage="c:\users\vanr6572\projects\iringtools tdd\iringtools.mvc\iringtools.tests\bin\debug\iringtools.tests.dll" id="d85d53f8-0eaf-cada-afbe-0453396b4d95">
      <Execution id="72e4458e-46c1-40ac-a640-a7860f53205c" />
      <TestMethod codeBase="C:/Users/vanr6572/Projects/iRINGTools TDD/iRINGTools.MVC/iRINGTools.Tests/bin/Debug/iRINGTools.Tests.DLL" adapterTypeName="Microsoft.VisualStudio.TestTools.TestTypes.Unit.UnitTestAdapter, Microsoft.VisualStudio.QualityTools.Tips.UnitTest.Adapter, Version=10.0.0.0, Culture=neutral, PublicKeyToken=b03f5f7f11d50a3a" className="iRINGTools.Tests.GeneralTests, iRINGTools.Tests, Version=1.0.0.0, Culture=neutral, PublicKeyToken=null" name="AdapterService_Has_5_Scopes_From_Service" />
    </UnitTest>
    <UnitTest name="Repository_Returns_Single_Scope_When_Filtered_By_Name_Scope1" storage="c:\users\vanr6572\projects\iringtools tdd\iringtools.mvc\iringtools.tests\bin\debug\iringtools.tests.dll" id="7d3f3e1b-387b-200f-da84-8ecefb8cd361">
      <Execution id="9ebc6964-d957-4d74-98f8-cc8434f37580" />
      <TestMethod codeBase="C:/Users/vanr6572/Projects/iRINGTools TDD/iRINGTools.MVC/iRINGTools.Tests/bin/Debug/iRINGTools.Tests.DLL" adapterTypeName="Microsoft.VisualStudio.TestTools.TestTypes.Unit.UnitTestAdapter, Microsoft.VisualStudio.QualityTools.Tips.UnitTest.Adapter, Version=10.0.0.0, Culture=neutral, PublicKeyToken=b03f5f7f11d50a3a" className="iRINGTools.Tests.GeneralTests, iRINGTools.Tests, Version=1.0.0.0, Culture=neutral, PublicKeyToken=null" name="Repository_Returns_Single_Scope_When_Filtered_By_Name_Scope1" />
    </UnitTest>
    <UnitTest name="AdapterService_Returns_Single_Scope_With_Name_Scope1" storage="c:\users\vanr6572\projects\iringtools tdd\iringtools.mvc\iringtools.tests\bin\debug\iringtools.tests.dll" id="0e1fe2a2-9966-b98d-2ff7-16df7d309fba">
      <Execution id="3f336810-99a1-4bf9-b267-95d7460c160c" />
      <TestMethod codeBase="C:/Users/vanr6572/Projects/iRINGTools TDD/iRINGTools.MVC/iRINGTools.Tests/bin/Debug/iRINGTools.Tests.DLL" adapterTypeName="Microsoft.VisualStudio.TestTools.TestTypes.Unit.UnitTestAdapter, Microsoft.VisualStudio.QualityTools.Tips.UnitTest.Adapter, Version=10.0.0.0, Culture=neutral, PublicKeyToken=b03f5f7f11d50a3a" className="iRINGTools.Tests.GeneralTests, iRINGTools.Tests, Version=1.0.0.0, Culture=neutral, PublicKeyToken=null" name="AdapterService_Returns_Single_Scope_With_Name_Scope1" />
    </UnitTest>
    <UnitTest name="AdapterService_Returns_Single_Application_With_Name_Application1" storage="c:\users\vanr6572\projects\iringtools tdd\iringtools.mvc\iringtools.tests\bin\debug\iringtools.tests.dll" id="fbdf6247-1f1e-8efa-ed83-eb7fad2ac218">
      <Execution id="5da3cdd3-1193-4b9c-907a-d0167cde6f33" />
      <TestMethod codeBase="C:/Users/vanr6572/Projects/iRINGTools TDD/iRINGTools.MVC/iRINGTools.Tests/bin/Debug/iRINGTools.Tests.DLL" adapterTypeName="Microsoft.VisualStudio.TestTools.TestTypes.Unit.UnitTestAdapter, Microsoft.VisualStudio.QualityTools.Tips.UnitTest.Adapter, Version=10.0.0.0, Culture=neutral, PublicKeyToken=b03f5f7f11d50a3a" className="iRINGTools.Tests.GeneralTests, iRINGTools.Tests, Version=1.0.0.0, Culture=neutral, PublicKeyToken=null" name="AdapterService_Returns_Single_Application_With_Name_Application1" />
    </UnitTest>
    <UnitTest name="Repository_Returns_Single_Application_When_Filtered_By_Name_Application1" storage="c:\users\vanr6572\projects\iringtools tdd\iringtools.mvc\iringtools.tests\bin\debug\iringtools.tests.dll" id="030facb6-6892-78a5-8476-4f0ad5297b20">
      <Execution id="b920b6e1-0b5a-47d3-aec1-e6685c9f72f4" />
      <TestMethod codeBase="C:/Users/vanr6572/Projects/iRINGTools TDD/iRINGTools.MVC/iRINGTools.Tests/bin/Debug/iRINGTools.Tests.DLL" adapterTypeName="Microsoft.VisualStudio.TestTools.TestTypes.Unit.UnitTestAdapter, Microsoft.VisualStudio.QualityTools.Tips.UnitTest.Adapter, Version=10.0.0.0, Culture=neutral, PublicKeyToken=b03f5f7f11d50a3a" className="iRINGTools.Tests.GeneralTests, iRINGTools.Tests, Version=1.0.0.0, Culture=neutral, PublicKeyToken=null" name="Repository_Returns_Single_Application_When_Filtered_By_Name_Application1" />
    </UnitTest>
  </TestDefinitions>
  <TestLists>
    <TestList name="Results Not in a List" id="8c84fa94-04c1-424b-9868-57a2d4851a1d" />
    <TestList name="All Loaded Results" id="19431567-8539-422a-85d7-44ee4e166bda" />
  </TestLists>
  <TestEntries>
    <TestEntry testId="030facb6-6892-78a5-8476-4f0ad5297b20" executionId="b920b6e1-0b5a-47d3-aec1-e6685c9f72f4" testListId="8c84fa94-04c1-424b-9868-57a2d4851a1d" />
    <TestEntry testId="04849548-ec1d-1029-f21a-76e5300f7754" executionId="6afbd8f6-6b79-4cd4-8ae1-9705c66dee85" testListId="8c84fa94-04c1-424b-9868-57a2d4851a1d" />
    <TestEntry testId="0e1fe2a2-9966-b98d-2ff7-16df7d309fba" executionId="3f336810-99a1-4bf9-b267-95d7460c160c" testListId="8c84fa94-04c1-424b-9868-57a2d4851a1d" />
    <TestEntry testId="1e8d0d9e-014f-181f-6089-ad7cd9257811" executionId="4ff6123f-83fb-44d6-bc0d-480efd9402ea" testListId="8c84fa94-04c1-424b-9868-57a2d4851a1d" />
    <TestEntry testId="5e9abb45-1b2b-c693-50ec-d3aef9716f0b" executionId="e7b91813-9810-4370-982a-51c07e8e9ef6" testListId="8c84fa94-04c1-424b-9868-57a2d4851a1d" />
    <TestEntry testId="7d3f3e1b-387b-200f-da84-8ecefb8cd361" executionId="9ebc6964-d957-4d74-98f8-cc8434f37580" testListId="8c84fa94-04c1-424b-9868-57a2d4851a1d" />
    <TestEntry testId="9a3921c6-62a2-7333-d816-3168c7d34ea5" executionId="42ec23a9-b9ea-44f5-9585-40240482e238" testListId="8c84fa94-04c1-424b-9868-57a2d4851a1d" />
    <TestEntry testId="a94076f1-aed3-07d7-bef6-2077b63bd438" executionId="80308ecd-adad-45d0-96e1-dd9fcae9a725" testListId="8c84fa94-04c1-424b-9868-57a2d4851a1d" />
    <TestEntry testId="b81660b6-dde7-b530-dd80-db5c21ca7ac5" executionId="c582b26e-17b8-46bd-918a-833de9ce2f08" testListId="8c84fa94-04c1-424b-9868-57a2d4851a1d" />
    <TestEntry testId="c9ba8cfd-3813-ea7c-0965-8c45d412203b" executionId="bfc0ae7f-7cf6-4e8f-8adc-9fa508058235" testListId="8c84fa94-04c1-424b-9868-57a2d4851a1d" />
    <TestEntry testId="c9c2fff7-c1dd-2998-4883-fecb764c0f94" executionId="f8ec6497-5d6e-4f1b-b71b-f10f64827ca6" testListId="8c84fa94-04c1-424b-9868-57a2d4851a1d" />
    <TestEntry testId="d85d53f8-0eaf-cada-afbe-0453396b4d95" executionId="72e4458e-46c1-40ac-a640-a7860f53205c" testListId="8c84fa94-04c1-424b-9868-57a2d4851a1d" />
    <TestEntry testId="df908f13-fe48-07ef-5404-de2dfa1a42b9" executionId="a738df76-3f26-47c8-b23f-f603bf98c37a" testListId="8c84fa94-04c1-424b-9868-57a2d4851a1d" />
    <TestEntry testId="fbdf6247-1f1e-8efa-ed83-eb7fad2ac218" executionId="5da3cdd3-1193-4b9c-907a-d0167cde6f33" testListId="8c84fa94-04c1-424b-9868-57a2d4851a1d" />
  </TestEntries>
  <Results>
    <UnitTestResult executionId="b920b6e1-0b5a-47d3-aec1-e6685c9f72f4" testId="030facb6-6892-78a5-8476-4f0ad5297b20" testName="Repository_Returns_Single_Application_When_Filtered_By_Name_Application1" computerName="AUS10481" duration="00:00:00.1394089" startTime="2011-05-26T14:39:24.5317978+10:00" endTime="2011-05-26T14:39:24.9178364+10:00" testType="13cdc9d9-ddb5-4fa4-a97d-d965ccfc6d4b" outcome="Passed" testListId="8c84fa94-04c1-424b-9868-57a2d4851a1d" relativeResultsDirectory="b920b6e1-0b5a-47d3-aec1-e6685c9f72f4">
    </UnitTestResult>
    <UnitTestResult executionId="6afbd8f6-6b79-4cd4-8ae1-9705c66dee85" testId="04849548-ec1d-1029-f21a-76e5300f7754" testName="AdapterService_Has_25_Applications_From_Service" computerName="AUS10481" duration="00:00:00.0938618" startTime="2011-05-26T14:39:24.9198366+10:00" endTime="2011-05-26T14:39:25.0178464+10:00" testType="13cdc9d9-ddb5-4fa4-a97d-d965ccfc6d4b" outcome="Passed" testListId="8c84fa94-04c1-424b-9868-57a2d4851a1d" relativeResultsDirectory="6afbd8f6-6b79-4cd4-8ae1-9705c66dee85">
    </UnitTestResult>
    <UnitTestResult executionId="3f336810-99a1-4bf9-b267-95d7460c160c" testId="0e1fe2a2-9966-b98d-2ff7-16df7d309fba" testName="AdapterService_Returns_Single_Scope_With_Name_Scope1" computerName="AUS10481" duration="00:00:00.0915156" startTime="2011-05-26T14:39:25.0198466+10:00" endTime="2011-05-26T14:39:25.1148561+10:00" testType="13cdc9d9-ddb5-4fa4-a97d-d965ccfc6d4b" outcome="Passed" testListId="8c84fa94-04c1-424b-9868-57a2d4851a1d" relativeResultsDirectory="3f336810-99a1-4bf9-b267-95d7460c160c">
    </UnitTestResult>
    <UnitTestResult executionId="4ff6123f-83fb-44d6-bc0d-480efd9402ea" testId="1e8d0d9e-014f-181f-6089-ad7cd9257811" testName="AdapterService_Can_Get_Scopes_From_Service" computerName="AUS10481" duration="00:00:00.0921984" startTime="2011-05-26T14:39:25.1168563+10:00" endTime="2011-05-26T14:39:25.2128659+10:00" testType="13cdc9d9-ddb5-4fa4-a97d-d965ccfc6d4b" outcome="Passed" testListId="8c84fa94-04c1-424b-9868-57a2d4851a1d" relativeResultsDirectory="4ff6123f-83fb-44d6-bc0d-480efd9402ea">
    </UnitTestResult>
    <UnitTestResult executionId="e7b91813-9810-4370-982a-51c07e8e9ef6" testId="5e9abb45-1b2b-c693-50ec-d3aef9716f0b" testName="ApplicationRepository_Repository_Scopes_IsNotNull" computerName="AUS10481" duration="00:00:00.0987105" startTime="2011-05-26T14:39:25.2158662+10:00" endTime="2011-05-26T14:39:25.3178764+10:00" testType="13cdc9d9-ddb5-4fa4-a97d-d965ccfc6d4b" outcome="Passed" testListId="8c84fa94-04c1-424b-9868-57a2d4851a1d" relativeResultsDirectory="e7b91813-9810-4370-982a-51c07e8e9ef6">
    </UnitTestResult>
    <UnitTestResult executionId="9ebc6964-d957-4d74-98f8-cc8434f37580" testId="7d3f3e1b-387b-200f-da84-8ecefb8cd361" testName="Repository_Returns_Single_Scope_When_Filtered_By_Name_Scope1" computerName="AUS10481" duration="00:00:00.0861546" startTime="2011-05-26T14:39:25.3198766+10:00" endTime="2011-05-26T14:39:25.4098856+10:00" testType="13cdc9d9-ddb5-4fa4-a97d-d965ccfc6d4b" outcome="Passed" testListId="8c84fa94-04c1-424b-9868-57a2d4851a1d" relativeResultsDirectory="9ebc6964-d957-4d74-98f8-cc8434f37580">
    </UnitTestResult>
    <UnitTestResult executionId="42ec23a9-b9ea-44f5-9585-40240482e238" testId="9a3921c6-62a2-7333-d816-3168c7d34ea5" testName="Scope_ShouldHave_Name_Description_Fields" computerName="AUS10481" duration="00:00:00.0872361" startTime="2011-05-26T14:39:25.4128859+10:00" endTime="2011-05-26T14:39:25.5028949+10:00" testType="13cdc9d9-ddb5-4fa4-a97d-d965ccfc6d4b" outcome="Passed" testListId="8c84fa94-04c1-424b-9868-57a2d4851a1d" relativeResultsDirectory="42ec23a9-b9ea-44f5-9585-40240482e238">
    </UnitTestResult>
    <UnitTestResult executionId="80308ecd-adad-45d0-96e1-dd9fcae9a725" testId="a94076f1-aed3-07d7-bef6-2077b63bd438" testName="Application_ShouldHave_Name_Description_Fields" computerName="AUS10481" duration="00:00:00.1193391" startTime="2011-05-26T14:39:25.5048951+10:00" endTime="2011-05-26T14:39:25.6269073+10:00" testType="13cdc9d9-ddb5-4fa4-a97d-d965ccfc6d4b" outcome="Passed" testListId="8c84fa94-04c1-424b-9868-57a2d4851a1d" relativeResultsDirectory="80308ecd-adad-45d0-96e1-dd9fcae9a725">
    </UnitTestResult>
    <UnitTestResult executionId="c582b26e-17b8-46bd-918a-833de9ce2f08" testId="b81660b6-dde7-b530-dd80-db5c21ca7ac5" testName="AdapterService_XMLApplicationRepository_Save_To_New_File_Then_Read_Existing_File" computerName="AUS10481" duration="00:00:00.0113856" startTime="2011-05-26T14:39:25.6289075+10:00" endTime="2011-05-26T14:39:25.8189265+10:00" testType="13cdc9d9-ddb5-4fa4-a97d-d965ccfc6d4b" outcome="Passed" testListId="8c84fa94-04c1-424b-9868-57a2d4851a1d" relativeResultsDirectory="c582b26e-17b8-46bd-918a-833de9ce2f08">
    </UnitTestResult>
    <UnitTestResult executionId="bfc0ae7f-7cf6-4e8f-8adc-9fa508058235" testId="c9ba8cfd-3813-ea7c-0965-8c45d412203b" testName="AdapterService_GetApplication" computerName="AUS10481" duration="00:00:00.2007860" startTime="2011-05-26T14:39:25.8209267+10:00" endTime="2011-05-26T14:39:26.0259472+10:00" testType="13cdc9d9-ddb5-4fa4-a97d-d965ccfc6d4b" outcome="Passed" testListId="8c84fa94-04c1-424b-9868-57a2d4851a1d" relativeResultsDirectory="bfc0ae7f-7cf6-4e8f-8adc-9fa508058235">
    </UnitTestResult>
    <UnitTestResult executionId="f8ec6497-5d6e-4f1b-b71b-f10f64827ca6" testId="c9c2fff7-c1dd-2998-4883-fecb764c0f94" testName="DataService_ToXML" computerName="AUS10481" duration="00:00:00.1049601" startTime="2011-05-26T14:39:26.0279474+10:00" endTime="2011-05-26T14:39:26.1359582+10:00" testType="13cdc9d9-ddb5-4fa4-a97d-d965ccfc6d4b" outcome="Passed" testListId="8c84fa94-04c1-424b-9868-57a2d4851a1d" relativeResultsDirectory="f8ec6497-5d6e-4f1b-b71b-f10f64827ca6">
    </UnitTestResult>
    <UnitTestResult executionId="72e4458e-46c1-40ac-a640-a7860f53205c" testId="d85d53f8-0eaf-cada-afbe-0453396b4d95" testName="AdapterService_Has_5_Scopes_From_Service" computerName="AUS10481" duration="00:00:00.0858519" startTime="2011-05-26T14:39:26.1379584+10:00" endTime="2011-05-26T14:39:26.2449691+10:00" testType="13cdc9d9-ddb5-4fa4-a97d-d965ccfc6d4b" outcome="Passed" testListId="8c84fa94-04c1-424b-9868-57a2d4851a1d" relativeResultsDirectory="72e4458e-46c1-40ac-a640-a7860f53205c">
    </UnitTestResult>
    <UnitTestResult executionId="a738df76-3f26-47c8-b23f-f603bf98c37a" testId="df908f13-fe48-07ef-5404-de2dfa1a42b9" testName="DataLayerRepository_Has_5_DataLayerTypes_From_Service" computerName="AUS10481" duration="00:00:00.0930692" startTime="2011-05-26T14:39:26.2489695+10:00" endTime="2011-05-26T14:39:26.3449791+10:00" testType="13cdc9d9-ddb5-4fa4-a97d-d965ccfc6d4b" outcome="Passed" testListId="8c84fa94-04c1-424b-9868-57a2d4851a1d" relativeResultsDirectory="a738df76-3f26-47c8-b23f-f603bf98c37a">
    </UnitTestResult>
    <UnitTestResult executionId="5da3cdd3-1193-4b9c-907a-d0167cde6f33" testId="fbdf6247-1f1e-8efa-ed83-eb7fad2ac218" testName="AdapterService_Returns_Single_Application_With_Name_Application1" computerName="AUS10481" duration="00:00:00.0865152" startTime="2011-05-26T14:39:26.3489795+10:00" endTime="2011-05-26T14:39:26.4389885+10:00" testType="13cdc9d9-ddb5-4fa4-a97d-d965ccfc6d4b" outcome="Passed" testListId="8c84fa94-04c1-424b-9868-57a2d4851a1d" relativeResultsDirectory="5da3cdd3-1193-4b9c-907a-d0167cde6f33">
    </UnitTestResult>
  </Results>
</TestRun>