<?xml version="1.0" encoding="UTF-8"?>
<TestRun id="52fc8dfd-3de7-4367-8383-cae8b8292b7d" name="VANR6572@AUS10481 2011-05-31 10:46:18" runUser="HATCHGLOBAL\VANR6572" xmlns="http://microsoft.com/schemas/VisualStudio/TeamTest/2010">
  <TestSettings name="Local" id="db2218b0-d6c1-4a95-a540-fcde77fa22f8">
    <Description>These are default test settings for a local test run.</Description>
    <Deployment enabled="false" runDeploymentRoot="VANR6572_AUS10481 2011-05-31 10_46_18">
      <DeploymentItem filename="C:\Users\vanr6572\Projects\iRINGTools TDD\iRINGTools.MVC\iRINGTools.Services\bin\Debug\iRINGTools.Services.dll" />
      <DeploymentItem filename="C:\Users\vanr6572\Projects\iRINGTools TDD\iRINGTools.MVC\iRINGTools.Data\bin\Debug\iRINGTools.Data.dll" />
      <DeploymentItem filename="C:\Users\vanr6572\Projects\iRINGTools TDD\iRINGTools.MVC\packages\Ninject.2.2.1.4\lib\net40-Full\Ninject.dll" />
    </Deployment>
    <Execution>
      <TestTypeSpecific />
      <AgentRule name="Execution Agents">
      </AgentRule>
    </Execution>
  </TestSettings>
  <Times creation="2011-05-31T10:46:18.4398375+10:00" queuing="2011-05-31T10:46:22.1908375+10:00" start="2011-05-31T10:46:22.3188375+10:00" finish="2011-05-31T10:46:24.7408375+10:00" />
  <ResultSummary outcome="Failed">
    <Counters total="11" executed="11" passed="10" error="0" failed="1" timeout="0" aborted="0" inconclusive="0" passedButRunAborted="0" notRunnable="0" notExecuted="0" disconnected="0" warning="0" completed="0" inProgress="0" pending="0" />
  </ResultSummary>
  <TestDefinitions>
    <UnitTest name="Scope_ShouldHave_Name_Description_Fields" storage="c:\users\vanr6572\projects\iringtools tdd\iringtools.mvc\iringtools.tests\bin\debug\iringtools.tests.dll" id="9a3921c6-62a2-7333-d816-3168c7d34ea5">
      <Execution id="cf836a76-750e-45b2-b84c-436fa8e7f50e" />
      <TestMethod codeBase="C:/Users/vanr6572/Projects/iRINGTools TDD/iRINGTools.MVC/iRINGTools.Tests/bin/Debug/iRINGTools.Tests.DLL" adapterTypeName="Microsoft.VisualStudio.TestTools.TestTypes.Unit.UnitTestAdapter, Microsoft.VisualStudio.QualityTools.Tips.UnitTest.Adapter, Version=10.0.0.0, Culture=neutral, PublicKeyToken=b03f5f7f11d50a3a" className="iRINGTools.Tests.GeneralTests, iRINGTools.Tests, Version=1.0.0.0, Culture=neutral, PublicKeyToken=null" name="Scope_ShouldHave_Name_Description_Fields" />
    </UnitTest>
    <UnitTest name="AdapterService_Can_Get_Scopes_From_Service" storage="c:\users\vanr6572\projects\iringtools tdd\iringtools.mvc\iringtools.tests\bin\debug\iringtools.tests.dll" id="1e8d0d9e-014f-181f-6089-ad7cd9257811">
      <Execution id="9336eece-ef9b-46f8-b795-f772a276e00b" />
      <TestMethod codeBase="C:/Users/vanr6572/Projects/iRINGTools TDD/iRINGTools.MVC/iRINGTools.Tests/bin/Debug/iRINGTools.Tests.DLL" adapterTypeName="Microsoft.VisualStudio.TestTools.TestTypes.Unit.UnitTestAdapter, Microsoft.VisualStudio.QualityTools.Tips.UnitTest.Adapter, Version=10.0.0.0, Culture=neutral, PublicKeyToken=b03f5f7f11d50a3a" className="iRINGTools.Tests.GeneralTests, iRINGTools.Tests, Version=1.0.0.0, Culture=neutral, PublicKeyToken=null" name="AdapterService_Can_Get_Scopes_From_Service" />
    </UnitTest>
    <UnitTest name="Repository_Returns_Single_Application_When_Filtered_By_Name_Application1" storage="c:\users\vanr6572\projects\iringtools tdd\iringtools.mvc\iringtools.tests\bin\debug\iringtools.tests.dll" id="030facb6-6892-78a5-8476-4f0ad5297b20">
      <Execution id="c6d061bc-176c-4534-8fc6-bdc3a9c3f85a" />
      <TestMethod codeBase="C:/Users/vanr6572/Projects/iRINGTools TDD/iRINGTools.MVC/iRINGTools.Tests/bin/Debug/iRINGTools.Tests.DLL" adapterTypeName="Microsoft.VisualStudio.TestTools.TestTypes.Unit.UnitTestAdapter, Microsoft.VisualStudio.QualityTools.Tips.UnitTest.Adapter, Version=10.0.0.0, Culture=neutral, PublicKeyToken=b03f5f7f11d50a3a" className="iRINGTools.Tests.GeneralTests, iRINGTools.Tests, Version=1.0.0.0, Culture=neutral, PublicKeyToken=null" name="Repository_Returns_Single_Application_When_Filtered_By_Name_Application1" />
    </UnitTest>
    <UnitTest name="AdapterService_Has_25_Applications_From_Service" storage="c:\users\vanr6572\projects\iringtools tdd\iringtools.mvc\iringtools.tests\bin\debug\iringtools.tests.dll" id="04849548-ec1d-1029-f21a-76e5300f7754">
      <Execution id="b9ddffac-29ff-4aff-b6e2-5793be29424a" />
      <TestMethod codeBase="C:/Users/vanr6572/Projects/iRINGTools TDD/iRINGTools.MVC/iRINGTools.Tests/bin/Debug/iRINGTools.Tests.DLL" adapterTypeName="Microsoft.VisualStudio.TestTools.TestTypes.Unit.UnitTestAdapter, Microsoft.VisualStudio.QualityTools.Tips.UnitTest.Adapter, Version=10.0.0.0, Culture=neutral, PublicKeyToken=b03f5f7f11d50a3a" className="iRINGTools.Tests.GeneralTests, iRINGTools.Tests, Version=1.0.0.0, Culture=neutral, PublicKeyToken=null" name="AdapterService_Has_25_Applications_From_Service" />
    </UnitTest>
    <UnitTest name="AdapterService_Has_5_Scopes_From_Service" storage="c:\users\vanr6572\projects\iringtools tdd\iringtools.mvc\iringtools.tests\bin\debug\iringtools.tests.dll" id="d85d53f8-0eaf-cada-afbe-0453396b4d95">
      <Execution id="21649835-74cb-4ad1-b953-8e1aa4425efb" />
      <TestMethod codeBase="C:/Users/vanr6572/Projects/iRINGTools TDD/iRINGTools.MVC/iRINGTools.Tests/bin/Debug/iRINGTools.Tests.DLL" adapterTypeName="Microsoft.VisualStudio.TestTools.TestTypes.Unit.UnitTestAdapter, Microsoft.VisualStudio.QualityTools.Tips.UnitTest.Adapter, Version=10.0.0.0, Culture=neutral, PublicKeyToken=b03f5f7f11d50a3a" className="iRINGTools.Tests.GeneralTests, iRINGTools.Tests, Version=1.0.0.0, Culture=neutral, PublicKeyToken=null" name="AdapterService_Has_5_Scopes_From_Service" />
    </UnitTest>
    <UnitTest name="AdapterRepository_Repository_Scopes_IsNotNull" storage="c:\users\vanr6572\projects\iringtools tdd\iringtools.mvc\iringtools.tests\bin\debug\iringtools.tests.dll" id="b15d91b5-816b-211e-2a77-f200bd908121">
      <Execution id="af336350-6dc6-422a-8e96-740035b94d72" />
      <TestMethod codeBase="C:/Users/vanr6572/Projects/iRINGTools TDD/iRINGTools.MVC/iRINGTools.Tests/bin/Debug/iRINGTools.Tests.DLL" adapterTypeName="Microsoft.VisualStudio.TestTools.TestTypes.Unit.UnitTestAdapter, Microsoft.VisualStudio.QualityTools.Tips.UnitTest.Adapter, Version=10.0.0.0, Culture=neutral, PublicKeyToken=b03f5f7f11d50a3a" className="iRINGTools.Tests.GeneralTests, iRINGTools.Tests, Version=1.0.0.0, Culture=neutral, PublicKeyToken=null" name="AdapterRepository_Repository_Scopes_IsNotNull" />
    </UnitTest>
    <UnitTest name="DataLayerRepository_Has_5_DataLayerTypes_From_Service" storage="c:\users\vanr6572\projects\iringtools tdd\iringtools.mvc\iringtools.tests\bin\debug\iringtools.tests.dll" id="df908f13-fe48-07ef-5404-de2dfa1a42b9">
      <Execution id="5923c103-8ac6-4531-8b83-a4013f14af14" />
      <TestMethod codeBase="C:/Users/vanr6572/Projects/iRINGTools TDD/iRINGTools.MVC/iRINGTools.Tests/bin/Debug/iRINGTools.Tests.DLL" adapterTypeName="Microsoft.VisualStudio.TestTools.TestTypes.Unit.UnitTestAdapter, Microsoft.VisualStudio.QualityTools.Tips.UnitTest.Adapter, Version=10.0.0.0, Culture=neutral, PublicKeyToken=b03f5f7f11d50a3a" className="iRINGTools.Tests.GeneralTests, iRINGTools.Tests, Version=1.0.0.0, Culture=neutral, PublicKeyToken=null" name="DataLayerRepository_Has_5_DataLayerTypes_From_Service" />
    </UnitTest>
    <UnitTest name="Application_ShouldHave_Name_Description_Fields" storage="c:\users\vanr6572\projects\iringtools tdd\iringtools.mvc\iringtools.tests\bin\debug\iringtools.tests.dll" id="a94076f1-aed3-07d7-bef6-2077b63bd438">
      <Execution id="2f17e348-5d6e-4a9a-a1bc-b14b22aaac03" />
      <TestMethod codeBase="C:/Users/vanr6572/Projects/iRINGTools TDD/iRINGTools.MVC/iRINGTools.Tests/bin/Debug/iRINGTools.Tests.DLL" adapterTypeName="Microsoft.VisualStudio.TestTools.TestTypes.Unit.UnitTestAdapter, Microsoft.VisualStudio.QualityTools.Tips.UnitTest.Adapter, Version=10.0.0.0, Culture=neutral, PublicKeyToken=b03f5f7f11d50a3a" className="iRINGTools.Tests.GeneralTests, iRINGTools.Tests, Version=1.0.0.0, Culture=neutral, PublicKeyToken=null" name="Application_ShouldHave_Name_Description_Fields" />
    </UnitTest>
    <UnitTest name="AdapterService_GetApplication" storage="c:\users\vanr6572\projects\iringtools tdd\iringtools.mvc\iringtools.tests\bin\debug\iringtools.tests.dll" id="c9ba8cfd-3813-ea7c-0965-8c45d412203b">
      <Execution id="1dad2113-46b9-46d6-94fd-1749998004d9" />
      <TestMethod codeBase="C:/Users/vanr6572/Projects/iRINGTools TDD/iRINGTools.MVC/iRINGTools.Tests/bin/Debug/iRINGTools.Tests.DLL" adapterTypeName="Microsoft.VisualStudio.TestTools.TestTypes.Unit.UnitTestAdapter, Microsoft.VisualStudio.QualityTools.Tips.UnitTest.Adapter, Version=10.0.0.0, Culture=neutral, PublicKeyToken=b03f5f7f11d50a3a" className="iRINGTools.Tests.NinjectTests, iRINGTools.Tests, Version=1.0.0.0, Culture=neutral, PublicKeyToken=null" name="AdapterService_GetApplication" />
    </UnitTest>
    <UnitTest name="DataService_ToXML" storage="c:\users\vanr6572\projects\iringtools tdd\iringtools.mvc\iringtools.tests\bin\debug\iringtools.tests.dll" id="c9c2fff7-c1dd-2998-4883-fecb764c0f94">
      <Execution id="1741b785-f38e-4ee4-b824-018577dc66a8" />
      <TestMethod codeBase="C:/Users/vanr6572/Projects/iRINGTools TDD/iRINGTools.MVC/iRINGTools.Tests/bin/Debug/iRINGTools.Tests.DLL" adapterTypeName="Microsoft.VisualStudio.TestTools.TestTypes.Unit.UnitTestAdapter, Microsoft.VisualStudio.QualityTools.Tips.UnitTest.Adapter, Version=10.0.0.0, Culture=neutral, PublicKeyToken=b03f5f7f11d50a3a" className="iRINGTools.Tests.NinjectTests, iRINGTools.Tests, Version=1.0.0.0, Culture=neutral, PublicKeyToken=null" name="DataService_ToXML" />
    </UnitTest>
    <UnitTest name="Repository_Returns_Single_Scope_When_Filtered_By_Name_Scope1" storage="c:\users\vanr6572\projects\iringtools tdd\iringtools.mvc\iringtools.tests\bin\debug\iringtools.tests.dll" id="7d3f3e1b-387b-200f-da84-8ecefb8cd361">
      <Execution id="c6b9a6dc-0922-4250-8b89-3d90580fe70c" />
      <TestMethod codeBase="C:/Users/vanr6572/Projects/iRINGTools TDD/iRINGTools.MVC/iRINGTools.Tests/bin/Debug/iRINGTools.Tests.DLL" adapterTypeName="Microsoft.VisualStudio.TestTools.TestTypes.Unit.UnitTestAdapter, Microsoft.VisualStudio.QualityTools.Tips.UnitTest.Adapter, Version=10.0.0.0, Culture=neutral, PublicKeyToken=b03f5f7f11d50a3a" className="iRINGTools.Tests.GeneralTests, iRINGTools.Tests, Version=1.0.0.0, Culture=neutral, PublicKeyToken=null" name="Repository_Returns_Single_Scope_When_Filtered_By_Name_Scope1" />
    </UnitTest>
  </TestDefinitions>
  <TestLists>
    <TestList name="Results Not in a List" id="8c84fa94-04c1-424b-9868-57a2d4851a1d" />
    <TestList name="All Loaded Results" id="19431567-8539-422a-85d7-44ee4e166bda" />
  </TestLists>
  <TestEntries>
    <TestEntry testId="030facb6-6892-78a5-8476-4f0ad5297b20" executionId="c6d061bc-176c-4534-8fc6-bdc3a9c3f85a" testListId="8c84fa94-04c1-424b-9868-57a2d4851a1d" />
    <TestEntry testId="04849548-ec1d-1029-f21a-76e5300f7754" executionId="b9ddffac-29ff-4aff-b6e2-5793be29424a" testListId="8c84fa94-04c1-424b-9868-57a2d4851a1d" />
    <TestEntry testId="1e8d0d9e-014f-181f-6089-ad7cd9257811" executionId="9336eece-ef9b-46f8-b795-f772a276e00b" testListId="8c84fa94-04c1-424b-9868-57a2d4851a1d" />
    <TestEntry testId="7d3f3e1b-387b-200f-da84-8ecefb8cd361" executionId="c6b9a6dc-0922-4250-8b89-3d90580fe70c" testListId="8c84fa94-04c1-424b-9868-57a2d4851a1d" />
    <TestEntry testId="9a3921c6-62a2-7333-d816-3168c7d34ea5" executionId="cf836a76-750e-45b2-b84c-436fa8e7f50e" testListId="8c84fa94-04c1-424b-9868-57a2d4851a1d" />
    <TestEntry testId="a94076f1-aed3-07d7-bef6-2077b63bd438" executionId="2f17e348-5d6e-4a9a-a1bc-b14b22aaac03" testListId="8c84fa94-04c1-424b-9868-57a2d4851a1d" />
    <TestEntry testId="b15d91b5-816b-211e-2a77-f200bd908121" executionId="af336350-6dc6-422a-8e96-740035b94d72" testListId="8c84fa94-04c1-424b-9868-57a2d4851a1d" />
    <TestEntry testId="c9ba8cfd-3813-ea7c-0965-8c45d412203b" executionId="1dad2113-46b9-46d6-94fd-1749998004d9" testListId="8c84fa94-04c1-424b-9868-57a2d4851a1d" />
    <TestEntry testId="c9c2fff7-c1dd-2998-4883-fecb764c0f94" executionId="1741b785-f38e-4ee4-b824-018577dc66a8" testListId="8c84fa94-04c1-424b-9868-57a2d4851a1d" />
    <TestEntry testId="d85d53f8-0eaf-cada-afbe-0453396b4d95" executionId="21649835-74cb-4ad1-b953-8e1aa4425efb" testListId="8c84fa94-04c1-424b-9868-57a2d4851a1d" />
    <TestEntry testId="df908f13-fe48-07ef-5404-de2dfa1a42b9" executionId="5923c103-8ac6-4531-8b83-a4013f14af14" testListId="8c84fa94-04c1-424b-9868-57a2d4851a1d" />
  </TestEntries>
  <Results>
    <UnitTestResult executionId="c6d061bc-176c-4534-8fc6-bdc3a9c3f85a" testId="030facb6-6892-78a5-8476-4f0ad5297b20" testName="Repository_Returns_Single_Application_When_Filtered_By_Name_Application1" computerName="AUS10481" duration="00:00:00.2772002" startTime="2011-05-31T10:46:22.4138375+10:00" endTime="2011-05-31T10:46:23.1298375+10:00" testType="13cdc9d9-ddb5-4fa4-a97d-d965ccfc6d4b" outcome="Passed" testListId="8c84fa94-04c1-424b-9868-57a2d4851a1d" relativeResultsDirectory="c6d061bc-176c-4534-8fc6-bdc3a9c3f85a">
    </UnitTestResult>
    <UnitTestResult executionId="b9ddffac-29ff-4aff-b6e2-5793be29424a" testId="04849548-ec1d-1029-f21a-76e5300f7754" testName="AdapterService_Has_25_Applications_From_Service" computerName="AUS10481" duration="00:00:00.1681252" startTime="2011-05-31T10:46:23.1338375+10:00" endTime="2011-05-31T10:46:23.3088375+10:00" testType="13cdc9d9-ddb5-4fa4-a97d-d965ccfc6d4b" outcome="Passed" testListId="8c84fa94-04c1-424b-9868-57a2d4851a1d" relativeResultsDirectory="b9ddffac-29ff-4aff-b6e2-5793be29424a">
    </UnitTestResult>
    <UnitTestResult executionId="9336eece-ef9b-46f8-b795-f772a276e00b" testId="1e8d0d9e-014f-181f-6089-ad7cd9257811" testName="AdapterService_Can_Get_Scopes_From_Service" computerName="AUS10481" duration="00:00:00.0007431" startTime="2011-05-31T10:46:23.3188375+10:00" endTime="2011-05-31T10:46:23.3248375+10:00" testType="13cdc9d9-ddb5-4fa4-a97d-d965ccfc6d4b" outcome="Passed" testListId="8c84fa94-04c1-424b-9868-57a2d4851a1d" relativeResultsDirectory="9336eece-ef9b-46f8-b795-f772a276e00b">
    </UnitTestResult>
    <UnitTestResult executionId="c6b9a6dc-0922-4250-8b89-3d90580fe70c" testId="7d3f3e1b-387b-200f-da84-8ecefb8cd361" testName="Repository_Returns_Single_Scope_When_Filtered_By_Name_Scope1" computerName="AUS10481" duration="00:00:00.0041339" startTime="2011-05-31T10:46:23.3298375+10:00" endTime="2011-05-31T10:46:23.3398375+10:00" testType="13cdc9d9-ddb5-4fa4-a97d-d965ccfc6d4b" outcome="Passed" testListId="8c84fa94-04c1-424b-9868-57a2d4851a1d" relativeResultsDirectory="c6b9a6dc-0922-4250-8b89-3d90580fe70c">
    </UnitTestResult>
    <UnitTestResult executionId="cf836a76-750e-45b2-b84c-436fa8e7f50e" testId="9a3921c6-62a2-7333-d816-3168c7d34ea5" testName="Scope_ShouldHave_Name_Description_Fields" computerName="AUS10481" duration="00:00:00.0006305" startTime="2011-05-31T10:46:23.3488375+10:00" endTime="2011-05-31T10:46:23.3538375+10:00" testType="13cdc9d9-ddb5-4fa4-a97d-d965ccfc6d4b" outcome="Passed" testListId="8c84fa94-04c1-424b-9868-57a2d4851a1d" relativeResultsDirectory="cf836a76-750e-45b2-b84c-436fa8e7f50e">
    </UnitTestResult>
    <UnitTestResult executionId="2f17e348-5d6e-4a9a-a1bc-b14b22aaac03" testId="a94076f1-aed3-07d7-bef6-2077b63bd438" testName="Application_ShouldHave_Name_Description_Fields" computerName="AUS10481" duration="00:00:00.0005061" startTime="2011-05-31T10:46:23.3578375+10:00" endTime="2011-05-31T10:46:23.3628375+10:00" testType="13cdc9d9-ddb5-4fa4-a97d-d965ccfc6d4b" outcome="Passed" testListId="8c84fa94-04c1-424b-9868-57a2d4851a1d" relativeResultsDirectory="2f17e348-5d6e-4a9a-a1bc-b14b22aaac03">
    </UnitTestResult>
    <UnitTestResult executionId="af336350-6dc6-422a-8e96-740035b94d72" testId="b15d91b5-816b-211e-2a77-f200bd908121" testName="AdapterRepository_Repository_Scopes_IsNotNull" computerName="AUS10481" duration="00:00:00.0004655" startTime="2011-05-31T10:46:23.3668375+10:00" endTime="2011-05-31T10:46:23.3738375+10:00" testType="13cdc9d9-ddb5-4fa4-a97d-d965ccfc6d4b" outcome="Passed" testListId="8c84fa94-04c1-424b-9868-57a2d4851a1d" relativeResultsDirectory="af336350-6dc6-422a-8e96-740035b94d72">
    </UnitTestResult>
    <UnitTestResult executionId="1dad2113-46b9-46d6-94fd-1749998004d9" testId="c9ba8cfd-3813-ea7c-0965-8c45d412203b" testName="AdapterService_GetApplication" computerName="AUS10481" duration="00:00:00.7851673" startTime="2011-05-31T10:46:23.3778375+10:00" endTime="2011-05-31T10:46:24.1678375+10:00" testType="13cdc9d9-ddb5-4fa4-a97d-d965ccfc6d4b" outcome="Failed" testListId="8c84fa94-04c1-424b-9868-57a2d4851a1d" relativeResultsDirectory="1dad2113-46b9-46d6-94fd-1749998004d9">
      <Output>
        <ErrorInfo>
          <Message>Test method iRINGTools.Tests.NinjectTests.AdapterService_GetApplication threw exception: 
System.Exception: Error while serializing Mapping. ---&gt; System.InvalidOperationException: There was an error reflecting type 'iRINGTools.Data.Mapping'. ---&gt; System.InvalidOperationException: Cannot serialize member 'iRINGTools.Data.Mapping.GraphMaps' of type 'System.Collections.Generic.IList`1[[iRINGTools.Data.GraphMap, iRINGTools.Data, Version=1.0.0.0, Culture=neutral, PublicKeyToken=null]]', see inner exception for more details. ---&gt; System.NotSupportedException: Cannot serialize member iRINGTools.Data.Mapping.GraphMaps of type System.Collections.Generic.IList`1[[iRINGTools.Data.GraphMap, iRINGTools.Data, Version=1.0.0.0, Culture=neutral, PublicKeyToken=null]] because it is an interface.</Message>
          <StackTrace> 
 --- End of inner exception stack trace ---
    at System.Xml.Serialization.StructModel.CheckSupportedMember(TypeDesc typeDesc, MemberInfo member, Type type)
   at System.Xml.Serialization.StructModel.GetPropertyModel(PropertyInfo propertyInfo)
   at System.Xml.Serialization.StructModel.GetFieldModel(MemberInfo memberInfo)
   at System.Xml.Serialization.XmlReflectionImporter.InitializeStructMembers(StructMapping mapping, StructModel model, Boolean openModel, String typeName, RecursionLimiter limiter)
   at System.Xml.Serialization.XmlReflectionImporter.ImportStructLikeMapping(StructModel model, String ns, Boolean openModel, XmlAttributes a, RecursionLimiter limiter)
   at System.Xml.Serialization.XmlReflectionImporter.ImportTypeMapping(TypeModel model, String ns, ImportContext context, String dataType, XmlAttributes a, Boolean repeats, Boolean openModel, RecursionLimiter limiter)
 --- End of inner exception stack trace ---
    at System.Xml.Serialization.XmlReflectionImporter.ImportTypeMapping(TypeModel model, String ns, ImportContext context, String dataType, XmlAttributes a, Boolean repeats, Boolean openModel, RecursionLimiter limiter)
   at System.Xml.Serialization.XmlReflectionImporter.ImportElement(TypeModel model, XmlRootAttribute root, String defaultNamespace, RecursionLimiter limiter)
   at System.Xml.Serialization.XmlReflectionImporter.ImportTypeMapping(Type type, XmlRootAttribute root, String defaultNamespace)
   at System.Xml.Serialization.XmlSerializer..ctor(Type type, String defaultNamespace)
   at System.Xml.Serialization.XmlSerializer..ctor(Type type)
   at iRINGTools.Data.Utility.Serialize[T](T graph, Encoding encoding, Boolean useDataContractSerializer) in C:\Users\vanr6572\Projects\iRINGTools TDD\iRINGTools.MVC\iRINGTools.Data\Utility\Utility.cs:line 633
 --- End of inner exception stack trace ---
    at iRINGTools.Data.Utility.Serialize[T](T graph, Encoding encoding, Boolean useDataContractSerializer) in C:\Users\vanr6572\Projects\iRINGTools TDD\iRINGTools.MVC\iRINGTools.Data\Utility\Utility.cs:line 644
   at iRINGTools.Data.Utility.Serialize[T](T graph, Boolean useDataContractSerializer) in C:\Users\vanr6572\Projects\iRINGTools TDD\iRINGTools.MVC\iRINGTools.Data\Utility\Utility.cs:line 614
   at iRINGTools.Tests.NinjectTests.AdapterService_GetApplication() in C:\Users\vanr6572\Projects\iRINGTools TDD\iRINGTools.MVC\iRINGTools.Tests\NinjectTests.cs:line 41
</StackTrace>
        </ErrorInfo>
      </Output>
    </UnitTestResult>
    <UnitTestResult executionId="1741b785-f38e-4ee4-b824-018577dc66a8" testId="c9c2fff7-c1dd-2998-4883-fecb764c0f94" testName="DataService_ToXML" computerName="AUS10481" duration="00:00:00.4990674" startTime="2011-05-31T10:46:24.1708375+10:00" endTime="2011-05-31T10:46:24.6818375+10:00" testType="13cdc9d9-ddb5-4fa4-a97d-d965ccfc6d4b" outcome="Passed" testListId="8c84fa94-04c1-424b-9868-57a2d4851a1d" relativeResultsDirectory="1741b785-f38e-4ee4-b824-018577dc66a8">
    </UnitTestResult>
    <UnitTestResult executionId="21649835-74cb-4ad1-b953-8e1aa4425efb" testId="d85d53f8-0eaf-cada-afbe-0453396b4d95" testName="AdapterService_Has_5_Scopes_From_Service" computerName="AUS10481" duration="00:00:00.0004295" startTime="2011-05-31T10:46:24.6868375+10:00" endTime="2011-05-31T10:46:24.6948375+10:00" testType="13cdc9d9-ddb5-4fa4-a97d-d965ccfc6d4b" outcome="Passed" testListId="8c84fa94-04c1-424b-9868-57a2d4851a1d" relativeResultsDirectory="21649835-74cb-4ad1-b953-8e1aa4425efb">
    </UnitTestResult>
    <UnitTestResult executionId="5923c103-8ac6-4531-8b83-a4013f14af14" testId="df908f13-fe48-07ef-5404-de2dfa1a42b9" testName="DataLayerRepository_Has_5_DataLayerTypes_From_Service" computerName="AUS10481" duration="00:00:00.0006005" startTime="2011-05-31T10:46:24.6978375+10:00" endTime="2011-05-31T10:46:24.7038375+10:00" testType="13cdc9d9-ddb5-4fa4-a97d-d965ccfc6d4b" outcome="Passed" testListId="8c84fa94-04c1-424b-9868-57a2d4851a1d" relativeResultsDirectory="5923c103-8ac6-4531-8b83-a4013f14af14">
    </UnitTestResult>
  </Results>
</TestRun>